[%%shared type t = En|Fr [@@deriving json]]
[%%shared exception Unknown_language of string]
let%shared string_of_language = function 
| En -> "en"| Fr -> "fr"
let%shared language_of_string = function
| "en" -> En| "fr" -> Fr| s -> raise (Unknown_language s)
let%shared guess_language_of_string s = 
try language_of_string s 
with Unknown_language _ as e -> 
try language_of_string (String.sub s 0 (String.index s '-')) 
with Not_found -> 
raise e 
let%shared languages = [En;Fr]
let%shared default_language = En
let%server _language_ = Eliom_reference.Volatile.eref
~scope:Eliom_common.default_process_scope default_language
let%server get_language () = Eliom_reference.Volatile.get _language_
let%server set_language language = 
Eliom_reference.Volatile.set _language_ language

let%client _language_ = ref default_language
let%client get_language () = !_language_
let%client set_language language = _language_ := language

let%shared txt = Eliom_content.Html.F.txt
