This is a simple key.
I am a human.
I am <em>someone important</em>.
There is apple here!
There are apples here!
Ceci est une clé toute simple.
Je suis un humain.
This is a simple key.
I am a human.
There is apple here!
There are apples here!
I am Alice (42).
Ceci est une clé toute simple.
Je suis un humain.
Je suis Alice (42).
