This is a simple key.
I am a human.
I am someone important.
There is an apple here!
There are apples here!
Ceci est une clé toute simple.
Je suis un humain.
Je suis quelqu'un d'important.
This is a simple key.
I am a human.
There is an apple here!
There are apples here!
I am a human (42).
Ceci est une clé toute simple.
Je suis un humain.
Je suis un humain (42).
